src/services/projects/project.service.ts(13,20): error TS6133: 'workspaceId' is declared but its value is never read.
src/services/projects/project.service.ts(13,42): error TS6133: 'page' is declared but its value is never read.
src/services/projects/project.service.ts(13,52): error TS6133: 'limit' is declared but its value is never read.
src/services/projects/project.service.ts(14,9): error TS2322: Type '{ data: { id: string; title: string; description: string; modelUrl: string; clientName: string; category: string; status: string; progress: number; deadline: string; createdAt: string; workspaceId: string; isPublic: boolean; }[]; total: number; page: number; limit: number; }' is not assignable to type 'ProjectsResponse'.
  Types of property 'data' are incompatible.
    Type '{ id: string; title: string; description: string; modelUrl: string; clientName: string; category: string; status: string; progress: number; deadline: string; createdAt: string; workspaceId: string; isPublic: boolean; }[]' is not assignable to type 'Project[]'.
      Property 'ownerId' is missing in type '{ id: string; title: string; description: string; modelUrl: string; clientName: string; category: string; status: string; progress: number; deadline: string; createdAt: string; workspaceId: string; isPublic: boolean; }' but required in type 'Project'.
src/services/projects/project.service.ts(19,9): error TS2741: Property 'ownerId' is missing in type '{ id: string; title: string; description: string; modelUrl: string; clientName: string; category: string; status: string; progress: number; deadline: string; createdAt: string; workspaceId: string; isPublic: boolean; }' but required in type 'Project'.
src/services/projects/project.service.ts(24,13): error TS2741: Property 'ownerId' is missing in type '{ waypoints: { id: string; title: string; positionX: number; positionY: number; positionZ: number; yaw: number; pitch: number; }[]; assets: { id: string; fileName: string; url: string; versionNumber: number; createdAt: string; }[]; ... 11 more ...; isPublic: boolean; }' but required in type 'ProjectDetail'.
src/services/projects/project.service.ts(26,9): error TS2741: Property 'ownerId' is missing in type '{ waypoints: never[]; assets: never[]; id: string; title: string; description: string; modelUrl: string; clientName: string; category: string; status: string; progress: number; deadline: string; createdAt: string; workspaceId: string; isPublic: boolean; }' but required in type 'ProjectDetail'.
src/services/projects/project.service.ts(29,20): error TS6133: 'dto' is declared but its value is never read.
src/services/projects/project.service.ts(29,43): error TS6133: 'file' is declared but its value is never read.
src/services/projects/project.service.ts(29,55): error TS6133: 'onProgress' is declared but its value is never read.
src/services/projects/project.service.ts(30,9): error TS2741: Property 'ownerId' is missing in type '{ id: string; title: string; description: string; modelUrl: string; clientName: string; category: string; status: string; progress: number; deadline: string; createdAt: string; workspaceId: string; isPublic: boolean; }' but required in type 'Project'.
src/services/projects/project.service.ts(41,27): error TS6133: 'id' is declared but its value is never read.
src/services/projects/project.service.ts(46,25): error TS6133: 'projectId' is declared but its value is never read.
